<?xml version="1.0"?>
<out xmlns:func="http://exslt.org/functions">;
        <true>true</true>;
        <false>false</false>;
        <true>true</true>;
        <false>false</false>;
            <false>false</false>;
      </out>
