<?xml version="1.0"?>
<out xmlns:func="http://exslt.org/functions">15</out>
