<?xml version="1.0"?>
<out xmlns:func="http://exslt.org/functions">120</out>
