<html>
<head>
<meta content="text/html; charset=UTF-8" http-equiv="Content-Type">
<title>XSLT 1.8 required</title>
</head>
<body><p>Sorry, this stylesheet requires XSLT 1.8.</p></body>
</html>
